Per-entry changes from typography.py: links removed, -- to em dash,
... to ellipsis, straight quotes curled. Entry text is otherwise as
Movable Type published it.

2005-05-13 according_to_pl (mt_id 3, _posts)
    1 straight quotes curled

2005-05-13 adult_concerns (mt_id 4, _posts)
    1 straight quotes curled

2005-05-13 drunken_pub_cra (mt_id 6, _posts)
    1 straight quotes curled

2005-05-13 crawling_forwar (mt_id 7, _posts)
    3 straight quotes curled

2005-05-13 the_blimp (mt_id 8, _posts)
    1 straight quotes curled

2005-05-13 bike_messenger (mt_id 9, _posts)
    1 straight quotes curled

2005-05-13 preinternet_in (mt_id 138, _posts)
    1 × -- → —
    31 straight quotes curled

2005-05-13 washington_summ (mt_id 10, _posts)
    1 straight quotes curled

2005-05-13 bee_hives_and_a (mt_id 19, _posts)
    1 straight quotes curled

2005-05-13 hives_cannot_be (mt_id 20, _posts)
    1 straight quotes curled

2005-05-13 washington_was (mt_id 21, _posts)
    5 straight quotes curled

2005-05-13 all_bezel_and_l (mt_id 24, _posts)
    1 straight quotes curled

2005-05-13 i_was_a_haole (mt_id 27, _posts)
    1 straight quotes curled

2005-05-13 class_as_on_thu (mt_id 29, _posts)
    title: "Class A's on Thursdays" -> 'Class A’s on Thursdays'
    2 straight quotes curled

2005-05-13 us_cadets (mt_id 34, _posts)
    1 straight quotes curled

2005-05-13 a_fresh_clip_of (mt_id 35, _posts)
    2 straight quotes curled

2005-05-13 a_bite_to_eat_a (mt_id 38, _posts)
    title: "A Bite to Eat at Zack's" -> 'A Bite to Eat at Zack’s'
    2 straight quotes curled

2005-05-13 zacks_is_small (mt_id 39, _posts)
    title: "Zack's is Small and Dark" -> 'Zack’s is Small and Dark'
    2 straight quotes curled

2005-05-13 situational_and (mt_id 40, _posts)
    2 straight quotes curled

2005-05-13 ceding_my_food (mt_id 42, _posts)
    1 straight quotes curled

2005-05-13 a_spidey_sense (mt_id 43, _posts)
    2 straight quotes curled

2005-05-13 fucking_haole (mt_id 44, _posts)
    2 × -- → —
    419 straight quotes curled

2005-05-13 city_rules_of_e (mt_id 45, _posts)
    7 straight quotes curled

2005-05-13 fire_can_lick_b (mt_id 46, _posts)
    2 straight quotes curled

2005-05-13 photographers_a (mt_id 47, _posts)
    1 straight quotes curled

2005-05-13 emersonians_inv (mt_id 48, _posts)
    title: "Emerson's Invisible Eye" -> 'Emerson’s Invisible Eye'
    3 straight quotes curled

2005-05-13 some_really_fuc (mt_id 49, _posts)
    2 straight quotes curled

2005-05-13 an_easy_mark (mt_id 50, _posts)
    1 straight quotes curled

2005-05-13 ants_dont_exist (mt_id 56, _posts)
    title: "Ants Don't Exist as Individuals" -> 'Ants Don’t Exist as Individuals'
    2 straight quotes curled

2005-05-13 buy_all_your_cl (mt_id 51, _posts)
    5 straight quotes curled

2005-05-13 influencing_the (mt_id 52, _posts)
    title: "Influencing the Experiment's Outcome" -> 'Influencing the Experiment’s Outcome'
    1 straight quotes curled

2005-05-13 there_is_no_suc (mt_id 53, _posts)
    1 straight quotes curled

2005-05-13 crack-addled_la (mt_id 54, _posts)
    3 straight quotes curled

2005-05-13 no_longer_amuse (mt_id 55, _posts)
    2 straight quotes curled

2005-05-13 fancying_myself (mt_id 58, _posts)
    3 straight quotes curled

2005-05-13 myself_my_new_w (mt_id 59, _posts)
    3 straight quotes curled

2005-05-13 sour_grapes (mt_id 60, _posts)
    1 straight quotes curled

2005-05-13 to_quell_unrest (mt_id 61, _posts)
    2 straight quotes curled

2005-05-13 nobody_gives_a (mt_id 62, _posts)
    5 straight quotes curled

2005-05-13 dosed_on_acid (mt_id 64, _posts)
    2 straight quotes curled

2005-05-13 all_the_shapes (mt_id 65, _posts)
    5 straight quotes curled

2005-05-13 pervert_or_kidn (mt_id 67, _posts)
    1 straight quotes curled

2005-05-13 hiding_in_plain (mt_id 68, _posts)
    1 straight quotes curled

2005-05-13 the_lovers_my_l (mt_id 70, _posts)
    3 straight quotes curled

2005-05-13 change_isnt_alw (mt_id 71, _posts)
    title: "Change Isn't Always Good" -> 'Change Isn’t Always Good'
    3 straight quotes curled

2005-05-13 it_takes_a_vill (mt_id 72, _posts)
    1 straight quotes curled

2005-05-13 i_do_my_kegels (mt_id 73, _posts)
    2 straight quotes curled

2005-05-13 swirling_balls (mt_id 75, _posts)
    1 straight quotes curled

2005-05-13 id_and_passport (mt_id 76, _posts)
    3 straight quotes curled

2005-05-13 false_name (mt_id 77, _posts)
    2 straight quotes curled

2005-05-13 full_of_pride_a (mt_id 79, _posts)
    1 straight quotes curled

2005-05-13 catch-22 (mt_id 80, _posts)
    1 straight quotes curled

2005-05-13 memory_of_a_sim (mt_id 81, _posts)
    1 straight quotes curled

2005-05-13 the_suggestion (mt_id 82, _posts)
    1 straight quotes curled

2005-05-13 the_worlds_baby (mt_id 83, _posts)
    title: "The World's Baby's Daddy" -> 'The World’s Baby’s Daddy'
    3 straight quotes curled

2005-05-13 mutates_base_co (mt_id 84, _posts)
    1 straight quotes curled

2005-05-18 she_seems_gentl (mt_id 86, _posts)
    2 × -- → —
    42 straight quotes curled

2005-05-18 spotting_enemy (mt_id 87, _posts)
    5 straight quotes curled

2005-05-18 silent_movement (mt_id 88, _posts)
    2 straight quotes curled

2005-05-18 taking_evasive (mt_id 90, _posts)
    3 straight quotes curled

2005-05-19 the_painter (mt_id 92, _posts)
    2 × -- → —
    106 straight quotes curled

2005-05-19 if_youre_going (mt_id 95, _posts)
    title: "If You're Going to Fuck Them, Make It Feel Good" -> 'If You’re Going to Fuck Them, Make It Feel Good'
    6 straight quotes curled

2005-05-23 a_backpack_hiki (mt_id 97, _posts)
    4 straight quotes curled

2005-05-23 joe_average (mt_id 98, _posts)
    1 × -- → —
    309 straight quotes curled

2005-05-23 all_the_operato (mt_id 99, _posts)
    1 straight quotes curled

2005-05-23 bar_spies (mt_id 100, _posts)
    3 straight quotes curled

2005-06-13 pecking_order_a (mt_id 101, _posts)
    1 straight quotes curled

2005-06-13 the_motivation (mt_id 102, _posts)
    1 straight quotes curled

2005-06-13 we_both_want_to (mt_id 103, _posts)
    1 straight quotes curled

2005-07-02 cover_concealme (mt_id 104, _posts)
    4 straight quotes curled

2005-07-02 hiding_in_plain_1 (mt_id 105, _posts)
    6 × -- → —
    626 straight quotes curled

2005-07-05 cap_hill_camo (mt_id 109, _posts)
    4 × -- → —
    464 straight quotes curled

2005-07-05 all_this_stuff (mt_id 110, _posts)
    1 straight quotes curled

2005-07-22 dont_i_know_you (mt_id 111, _posts)
    title: "Don't I Know You?" -> 'Don’t I Know You?'
    2 × -- → —
    293 straight quotes curled

2005-07-25 be_discreet_in (mt_id 112, _posts)
    2 straight quotes curled

2005-07-25 the_panopticon (mt_id 113, _posts)
    1 straight quotes curled

2005-07-26 technology_is_3 (mt_id 114, _posts)
    2 × -- → —
    180 straight quotes curled

2005-07-27 pyrite (mt_id 115, _posts)
    3 straight quotes curled

2005-07-27 doctors_have_be (mt_id 116, _posts)
    4 × -- → —
    1 × ... → …
    1002 straight quotes curled

2005-08-02 infinite_loop_a (mt_id 117, _posts)
    11 straight quotes curled

2005-08-02 breathing_into (mt_id 118, _posts)
    5 straight quotes curled

2005-08-02 wet_pillow (mt_id 119, _posts)
    2 × -- → —
    180 straight quotes curled

2005-08-03 sousveillance_a (mt_id 120, _posts)
    2 straight quotes curled

2005-08-05 a_cigar_is_neve (mt_id 121, _posts)
    1 × ... → …
    5 straight quotes curled

2005-08-05 charm_is_never (mt_id 122, _posts)
    1 × -- → —
    11 straight quotes curled

2005-08-05 struggle_or_pla (mt_id 123, _posts)
    2 straight quotes curled

2005-08-06 the_wives_i_fuc (mt_id 124, _posts)
    6 × -- → —
    211 straight quotes curled

2005-08-06 star-nosed_mole (mt_id 125, _posts)
    5 straight quotes curled

2005-08-09 olly_olly_oxen (mt_id 126, _posts)
    1 straight quotes curled

2005-08-09 mata_hari (mt_id 127, _posts)
    6 straight quotes curled

2005-08-09 open_season_on (mt_id 128, _posts)
    5 × -- → —
    1083 straight quotes curled

2005-08-15 little_kids_in (mt_id 130, _posts)
    3 straight quotes curled

2005-11-21 the_best_spy_is (mt_id 133, _posts)
    1 × -- → —
    771 straight quotes curled

2005-11-21 toppling_govern (mt_id 134, _posts)
    4 straight quotes curled

2005-12-20 good_things_com (mt_id 135, _posts)
    7 straight quotes curled

2005-12-28 making_sausage (mt_id 136, _posts)
    2 × -- → —
    215 straight quotes curled

2005-12-31 constant_peace (mt_id 137, _posts)
    1 × -- → —
    18 straight quotes curled

2006-11-23 it_takes_two_to (mt_id 140, _posts)
    4 straight quotes curled

2006-11-23 it_takes_two_to_1 (mt_id 141, _posts)
    1 × -- → —
    462 straight quotes curled

2006-11-23 how_to_cheat_on (mt_id 142, _posts)
    5 straight quotes curled

2006-12-31 stay_home_on_ne (mt_id 143, _posts)
    title: "Stay Home on New Year's Eve" -> 'Stay Home on New Year’s Eve'
    3 × -- → —
    137 straight quotes curled

2008-05-01 upon_moving_to (mt_id 148, _posts)
    4 straight quotes curled

2008-05-05 public_relation (mt_id 147, _posts)
    3 × -- → —
    612 straight quotes curled

2008-05-10 when_business_i (mt_id 146, _posts)
    4 × -- → —
    1 × ... → …
    319 straight quotes curled

2008-12-14 how_well_do_you (mt_id 150, _posts)
    1 × -- → —
    136 straight quotes curled

2008-12-21 making_a_spy_in (mt_id 151, _posts)
    4 × -- → —
    498 straight quotes curled

2009-05-24 spies_are_every_1 (mt_id 152, _posts)
    removed Zemanta reblog widget (no text)
    unlinked: 'James Bond'
    unlinked: 'DIA'
    unlinked: 'NRO'
    unlinked: 'NSA'
    unlinked: 'Secret Service'
    unlinked: 'JSOC'
    unlinked: 'United States'
    unlinked: 'Washington, DC'
    unlinked: 'spy'
    unlinked: 'video cameras'
    3 × -- → —
    370 straight quotes curled

2009-07-06 spies_can_be_mo (mt_id 153, _posts)
    removed Zemanta reblog widget (no text)
    unlinked: 'couch potato'
    unlinked: 'strength'
    unlinked: 'muscle tone'
    unlinked: 'secret agents'
    unlinked: 'private club'
    unlinked: 'DC'
    unlinked: 'small arms'
    unlinked: 'Virginia'
    unlinked: 'sport'
    unlinked: 'heart attack'
    2 × -- → —
    172 straight quotes curled

2010-12-16 hapless_fools_a (mt_id 154, _posts)
    2 × -- → —
    2 × ... → …
    224 straight quotes curled

2011-06-19 wearing_down_an (mt_id 155, _posts)
    2 straight quotes curled

2012-03-29 your_spy_is_nev (mt_id 156, _posts)
    1 straight quotes curled

2013-07-19 bribery_blackma (mt_id 157, _posts)
    14 straight quotes curled

2015-11-12 even_spies_are (mt_id 162, _posts)
    15 straight quotes curled

2019-05-29 youve_got_to_be (mt_id 164, _posts)
    title: "You've got to be kidding me" -> 'You’ve got to be kidding me'
    5 straight quotes curled

2019-05-30 and_ye_shall_he (mt_id 165, _posts)
    14 straight quotes curled

2019-06-03 loneliness_kill (mt_id 166, _posts)
    10 straight quotes curled

2019-06-12 i_dont_know_if (mt_id 167, _posts)
    title: "I don't know if sharpshooting has anything to do with the eyes" -> 'I don’t know if sharpshooting has anything to do with the eyes'
    18 straight quotes curled

2019-06-16 false_name_1 (mt_id 168, _posts)
    4 straight quotes curled

2019-06-17 little_grey_men (mt_id 169, _posts)
    31 straight quotes curled

2020-06-10 its_all_fancy_d (mt_id 174, _posts)
    title: "It's all fancy dress" -> 'It’s all fancy dress'
    10 straight quotes curled

2020-06-13 police_have_alm (mt_id 175, _posts)
    1 × -- → —
    2 straight quotes curled

2020-06-13 a_doubleo_licen (mt_id 176, _posts)
    3 straight quotes curled

2020-06-13 you_will_be_ext (mt_id 177, _posts)
    5 straight quotes curled

2020-06-13 nobody_really_u (mt_id 178, _posts)
    8 straight quotes curled

2020-06-13 its_perfectly_p (mt_id 179, _posts)
    title: "It's perfectly permissible to draw my firearm and shoot someone" -> 'It’s perfectly permissible to draw my firearm and shoot someone'
    3 straight quotes curled

2020-06-13 as_many_shots_a (mt_id 180, _posts)
    7 straight quotes curled

2020-06-13 ill_probably_le (mt_id 181, _posts)
    title: "I'll probably, legally, shoot you to death" -> 'I’ll probably, legally, shoot you to death'
    15 straight quotes curled

2020-06-13 if_you_shoot_so (mt_id 182, _posts)
    5 straight quotes curled

2020-06-13 it_really_is_in (mt_id 183, _posts)
    13 straight quotes curled

2020-06-13 never_to_telegr (mt_id 184, _posts)
    title: "Never to telegraph that you're carrying" -> 'Never to telegraph that you’re carrying'
    8 straight quotes curled

2020-06-13 someone_with_a (mt_id 185, _posts)
    3 straight quotes curled

2020-06-14 never_video_rec (mt_id 186, _posts)
    4 straight quotes curled

2020-08-12 50_is_when_men (mt_id 187, _posts)
    26 straight quotes curled

2020-09-03 the_smithmundt (mt_id 188, _posts)
    7 straight quotes curled

2020-09-04 false_equivalen (mt_id 189, _posts)
    28 straight quotes curled

2020-09-05 when_people_use (mt_id 190, _posts)
    3 straight quotes curled

2020-09-05 so_dont_be_afra (mt_id 191, _posts)
    title: "So don't be afraid to let them show your true colors" -> 'So don’t be afraid to let them show your true colors'
    6 straight quotes curled

2020-09-05 godwins_rule_of (mt_id 192, _posts)
    title: "Godwin's rule of Trump analogies" -> 'Godwin’s rule of Trump analogies'
    18 straight quotes curled

2020-09-05 i_am_an_oddball (mt_id 193, _posts)
    7 straight quotes curled

2020-09-05 shame_and_humil (mt_id 194, _posts)
    8 straight quotes curled

2020-09-07 the_shy_trump_f (mt_id 195, _posts)
    8 straight quotes curled

2020-09-08 trump_is_a_terr (mt_id 196, _posts)
    24 straight quotes curled

2020-09-09 manufacture_of (mt_id 198, _posts)
    unlinked: 'Oxford Reference'
    2 straight quotes curled

2020-09-15 west_coast_fire (mt_id 199, _posts)
    unlinked: 'State of Fear'
    7 straight quotes curled

2020-09-27 a_rational_theo (mt_id 201, _posts)
    8 straight quotes curled

2020-09-29 conspiracy_theo (mt_id 202, _posts)
    1 straight quotes curled

2021-01-22 trumps_atrociti (mt_id 204, _posts)
    title: "Trump's Atrocities Were Never Actualities" -> 'Trump’s Atrocities Were Never Actualities'
    3 straight quotes curled

2021-01-22 jexiste (mt_id 205, _posts)
    title: "J'existe" -> 'J’existe'
    6 straight quotes curled

2021-01-22 the_burble_and (mt_id 206, _posts)
    2 straight quotes curled

2021-01-22 president_of_ha (mt_id 207, _posts)
    10 straight quotes curled

2021-01-22 the_double_stan (mt_id 209, _posts)
    2 straight quotes curled

2021-01-22 metanoia (mt_id 210, _posts)
    9 straight quotes curled

2021-01-22 censorship_is_o (mt_id 212, _posts)
    5 straight quotes curled

2021-01-22 traumatizationa (mt_id 214, _posts)
    4 straight quotes curled

2021-01-26 is_right_wing_r (mt_id 215, _posts)
    5 straight quotes curled

2021-01-26 how_about_this (mt_id 216, _posts)
    15 straight quotes curled

2021-01-27 our_secrets_are (mt_id 217, _posts)
    4 straight quotes curled

2021-02-06 killing_fox_new (mt_id 218, _posts)
    unlinked: 'On the Media and the lovely Bob Garfield'
    5 straight quotes curled

2021-02-08 can_one_spend_a (mt_id 219, _posts)
    6 straight quotes curled

2021-02-08 with_no_evidenc (mt_id 220, _posts)
    15 straight quotes curled

2021-02-08 can_you_dismant (mt_id 221, _posts)
    title: "Can you dismantle the master's home with reparations" -> 'Can you dismantle the master’s home with reparations'
    1 × ... → …
    11 straight quotes curled

2021-04-12 should_america (mt_id 222, _posts)
    1 × ... → …
    11 straight quotes curled

2021-04-12 nobody_at_all_a (mt_id 223, _posts)
    1 × -- → —
    107 straight quotes curled

2021-04-19 nobody_gets_kil (mt_id 224, _posts)
    6 straight quotes curled

2021-04-20 going_to_war_to (mt_id 225, _posts)
    1 × ... → …
    2 straight quotes curled

2021-05-13 ceci_nest_pas_u (mt_id 226, _posts)
    title: "Ceci n'est pas une pipe" -> 'Ceci n’est pas une pipe'
    2 straight quotes curled

2021-05-26 dont_come_at_so (mt_id 227, _posts)
    title: "Don't come at someone panicking head on" -> 'Don’t come at someone panicking head on'
    8 straight quotes curled

2021-05-27 when_a_coup_isn (mt_id 228, _posts)
    title: "When a coup isn't, what is it?" -> 'When a coup isn’t, what is it?'
    8 straight quotes curled

2021-07-04 germans_made_hi (mt_id 229, _posts)
    14 straight quotes curled

2021-07-04 if_antiracism_r (mt_id 231, _posts)
    title: "If anti-racism rejects default culture what's embraced instead?" -> 'If anti-racism rejects default culture what’s embraced instead?'
    1 straight quotes curled

2021-07-04 whatever_happen (mt_id 232, _posts)
    1 straight quotes curled

2021-07-04 raising_a_trump (mt_id 233, _posts)
    title: "Raising a Trump flag or poster isn't about Donald Trump anymore" -> 'Raising a Trump flag or poster isn’t about Donald Trump anymore'
    3 straight quotes curled

2021-07-04 trump_is_just_t (mt_id 234, _posts)
    4 straight quotes curled

2021-07-04 useful_idiots (mt_id 235, _posts)
    37 straight quotes curled

2021-07-07 the_only_reason_to_go_offworld_is_for_sick_remittance_money (mt_id 237, _posts)
    5 straight quotes curled

2021-07-08 january_6th_was_the_worst_american_reichstag_fire_ever (mt_id 238, _posts)
    9 straight quotes curled

2021-07-09 history_is_alwa (mt_id 239, _posts)
    1 straight quotes curled

2021-07-09 folks_know_that (mt_id 240, _posts)
    7 straight quotes curled

2021-08-10 aegrescit_meden (mt_id 242, _posts)
    5 straight quotes curled

2021-08-13 its_a_terrible (mt_id 243, _posts)
    title: "It's a terrible time to be a climate activist" -> 'It’s a terrible time to be a climate activist'
    6 straight quotes curled

2021-08-14 stop_using_girl (mt_id 244, _posts)
    3 straight quotes curled

2021-08-14 are_you_actuall (mt_id 245, _posts)
    13 straight quotes curled

2021-08-14 germany_is_alwa (mt_id 246, _posts)
    9 straight quotes curled

2021-08-14 nazis_and_wokie (mt_id 247, _posts)
    13 straight quotes curled

2021-08-15 deja_afghanista (mt_id 248, _posts)
    4 straight quotes curled

2021-08-15 graveyard_of_em (mt_id 249, _posts)
    1 straight quotes curled

2021-08-15 train_thy_enemy (mt_id 250, _posts)
    2 straight quotes curled

2021-08-16 darkness_will_e (mt_id 252, _posts)
    1 straight quotes curled

2021-08-23 look_at_how_wom (mt_id 254, _posts)
    3 straight quotes curled

2021-08-24 still_saving_pa (mt_id 255, _posts)
    1 × ... → …
    2 straight quotes curled

2021-08-27 america_could_h (mt_id 256, _posts)
    1 × -- → —
    17 straight quotes curled

2021-08-27 biden_blames_tr (mt_id 257, _posts)
    8 straight quotes curled

2021-08-28 to_tell_the_afg (mt_id 258, _posts)
    8 straight quotes curled

2021-09-01 donald_trump_wa (mt_id 259, _posts)
    2 straight quotes curled

2021-09-06 did_america_com (mt_id 261, _posts)
    1 straight quotes curled

2021-09-06 too_early_to_be (mt_id 262, _posts)
    4 straight quotes curled

2021-09-06 dear_illogical (mt_id 263, _posts)
    5 straight quotes curled

2021-09-10 repent_sinner (mt_id 264, _posts)
    1 × ... → …
    3 straight quotes curled

2021-09-10 auahoritarianis (mt_id 265, _posts)
    6 straight quotes curled

2021-09-15 nobody_cares_ab (mt_id 266, _posts)
    1 straight quotes curled

2021-09-18 when_nazi_is_no (mt_id 267, _posts)
    title: 'When "Nazi!" is no longer a kill shot' -> 'When “Nazi!” is no longer a kill shot'
    11 straight quotes curled

2021-09-19 nowhere_to_run (mt_id 268, _posts)
    1 straight quotes curled

2021-10-03 yelling_fire_in (mt_id 269, _posts)
    8 straight quotes curled

2021-10-07 friends_feeding (mt_id 270, _posts)
    8 straight quotes curled

2021-10-07 ivermectin (mt_id 271, _posts)
    4 straight quotes curled

2021-10-10 dont_ever_let_t (mt_id 272, _posts)
    title: "Don't ever let the people think for themselves" -> 'Don’t ever let the people think for themselves'
    6 straight quotes curled

2021-10-22 its_the_invisib (mt_id 273, _posts)
    title: "It's the invisible hand" -> 'It’s the invisible hand'
    1 × ... → …
    7 straight quotes curled

2021-10-30 the_press_is_do (mt_id 274, _posts)
    1 straight quotes curled

2021-11-02 the_progressive (mt_id 275, _posts)
    4 straight quotes curled

2021-11-04 eat_me_drake_eq (mt_id 276, _posts)
    3 straight quotes curled

2021-11-04 the_hill_theyre (mt_id 277, _posts)
    title: "The hill they're willing to die on" -> 'The hill they’re willing to die on'
    2 straight quotes curled

2021-11-08 a_lifetime_on_t (mt_id 278, _posts)
    4 straight quotes curled

2021-11-08 critical_race_t (mt_id 279, _posts)
    3 straight quotes curled

2021-11-11 gun_v_fist (mt_id 280, _posts)
    7 straight quotes curled

2021-11-11 dear_activists (mt_id 281, _posts)
    6 straight quotes curled

2021-11-20 redeeming_your (mt_id 283, _posts)
    title: "Redeeming your enemy's heroes" -> 'Redeeming your enemy’s heroes'
    5 straight quotes curled

2021-11-22 the_state_of_am (mt_id 284, _posts)
    1 straight quotes curled

2021-11-26 nerds_are_never (mt_id 285, _posts)
    title: "Nerds are never really cool even if they're the elected leaders" -> 'Nerds are never really cool even if they’re the elected leaders'
    3 straight quotes curled

2021-12-14 the_trauma_wars (mt_id 287, _posts)
    2 straight quotes curled

2021-12-21 everything_dies (mt_id 288, _posts)
    title: "Everything dies baby that's a fact" -> 'Everything dies baby that’s a fact'
    1 straight quotes curled

2022-01-10 actual_weapons (mt_id 289, _posts)
    2 straight quotes curled

2022-01-13 how_climate_mit (mt_id 290, _posts)
    2 straight quotes curled

2022-01-25 the_hague (mt_id 291, _posts)
    3 straight quotes curled

2022-01-26 nikita_khrushch (mt_id 293, _posts)
    title: "Nikita Khrushchev's Cold War The Musical" -> 'Nikita Khrushchev’s Cold War The Musical'
    3 straight quotes curled

2022-01-27 embargoes_and_s (mt_id 294, _posts)
    2 straight quotes curled

2022-01-28 wrong_speech (mt_id 295, _posts)
    3 straight quotes curled

2022-01-29 maus (mt_id 296, _posts)
    3 straight quotes curled

2022-01-30 spotify_451 (mt_id 297, _posts)
    20 straight quotes curled

2022-02-01 covid_modalitie (mt_id 299, _posts)
    3 straight quotes curled

2022-02-12 do_i_really_thi (mt_id 300, _posts)
    title: "Do I really think that Russia isn't a bad actor?" -> 'Do I really think that Russia isn’t a bad actor?'
    10 straight quotes curled

2022-02-12 how_fucked_is_g (mt_id 301, _posts)
    4 straight quotes curled

2022-02-17 im_not_remotely (mt_id 303, _posts)
    title: "I'm not remotely an enemy of Russia or Putin" -> 'I’m not remotely an enemy of Russia or Putin'
    13 straight quotes curled

2022-02-19 tthe_slave_woul (mt_id 304, _posts)
    2 straight quotes curled

2022-02-22 these_are_the_b (mt_id 306, _posts)
    1 straight quotes curled

2022-02-28 are_we_the_worl (mt_id 307, _posts)
    7 straight quotes curled

2022-03-02 vainglory (mt_id 308, _posts)
    16 straight quotes curled

2022-03-02 slavs_dont_grok (mt_id 309, _posts)
    title: "Slavs don't grok articles in English" -> 'Slavs don’t grok articles in English'
    8 straight quotes curled

2022-03-20 killings_come_a (mt_id 310, _posts)
    title: "Killing's come a long way since 1945" -> 'Killing’s come a long way since 1945'

2022-05-01 dear_powersthat (mt_id 311, _posts)
    2 straight quotes curled

2022-05-03 free_speech_isn (mt_id 312, _posts)
    title: "Free speech isn't equitable speech" -> 'Free speech isn’t equitable speech'
    6 straight quotes curled

2022-05-05 decriminalize_c (mt_id 313, _posts)
    4 straight quotes curled

2022-05-09 sacrifice_for_t (mt_id 316, _posts)
    5 straight quotes curled

2022-05-11 disinformation (mt_id 318, _posts)
    5 straight quotes curled

2022-06-02 twenty_percent (mt_id 320, _posts)
    2 straight quotes curled

2022-06-09 ashli_babbitt (mt_id 322, _posts)
    5 straight quotes curled

2022-06-09 americas_fragil (mt_id 323, _posts)
    title: "America's fragile democracy" -> 'America’s fragile democracy'
    7 straight quotes curled

2022-06-11 fighting_firear (mt_id 324, _posts)
    8 straight quotes curled

2019-07-15 its_impossible (mt_id 170, _drafts)
    title: "It's impossible to comprehend superior intellect" -> 'It’s impossible to comprehend superior intellect'
    1 straight quotes curled

2019-08-04 what_else_is_ha (mt_id 173, _drafts)
    title: "What else is happening while you're freaking out?" -> 'What else is happening while you’re freaking out?'
